[Rule(name=Typename(name='attire', unwrapped=None, parameters=None),
      assign=Token(type=<Tokens.ASSIGN: '='>,
                   literal='',
                   comments=[],
                   whitespace=' '),
      type=GroupEntry(occurrence=None,
                      key=None,
                      type=Type(types=[Value(value='bow tie', type='text'),
                                       Value(value='necktie', type='text'),
                                       Value(value='Internet attire',
                                             type='text')]))),
 Rule(name=Typename(name='attireBlock', unwrapped=None, parameters=None),
      assign=Token(type=<Tokens.ASSIGN: '='>,
                   literal='',
                   comments=[],
                   whitespace=' '),
      type=GroupEntry(occurrence=None,
                      key=None,
                      type=Type(types=[Group(groupChoices=[GroupChoice(groupEntries=[GroupEntry(occurrence=None,
                                                                                                key=None,
                                                                                                type=Type(types=[Value(value='bow '
                                                                                                                             'tie',
                                                                                                                       type='text'),
                                                                                                                 Value(value='necktie',
                                                                                                                       type='text'),
                                                                                                                 Value(value='Internet '
                                                                                                                             'attire',
                                                                                                                       type='text')]))])],
                                             isMap=False)]))),
 Rule(name=Typename(name='attireGroup', unwrapped=None, parameters=None),
      assign=Token(type=<Tokens.ASSIGN: '='>,
                   literal='',
                   comments=[],
                   whitespace=' '),
      type=GroupEntry(occurrence=None,
                      key=None,
                      type=Type(types=[Group(groupChoices=[GroupChoice(groupEntries=[GroupEntry(occurrence=None,
                                                                                                key=None,
                                                                                                type=Type(types=[Typename(name='attire',
                                                                                                                          unwrapped=None,
                                                                                                                          parameters=None)]))]),
                                                           GroupChoice(groupEntries=[GroupEntry(occurrence=None,
                                                                                                key=None,
                                                                                                type=Type(types=[Typename(name='attireBlock',
                                                                                                                          unwrapped=None,
                                                                                                                          parameters=None)]))])],
                                             isMap=False)]))),
 Rule(name=Typename(name='protocol', unwrapped=None, parameters=None),
      assign=Token(type=<Tokens.ASSIGN: '='>,
                   literal='',
                   comments=[],
                   whitespace=' '),
      type=GroupEntry(occurrence=None,
                      key=None,
                      type=Type(types=[Value(value='6', type='number'),
                                       Value(value='17', type='number')]))),
 Rule(name=Typename(name='address', unwrapped=None, parameters=None),
      assign=Token(type=<Tokens.ASSIGN: '='>,
                   literal='',
                   comments=[],
                   whitespace=' '),
      type=GroupEntry(occurrence=None,
                      key=None,
                      type=Type(types=[Group(groupChoices=[GroupChoice(groupEntries=[GroupEntry(occurrence=None,
                                                                                                key=None,
                                                                                                type=Type(types=[Typename(name='delivery',
                                                                                                                          unwrapped=None,
                                                                                                                          parameters=None)]))])],
                                             isMap=True)]))),
 Rule(name=Typename(name='delivery', unwrapped=None, parameters=None),
      assign=Token(type=<Tokens.ASSIGN: '='>,
                   literal='',
                   comments=[],
                   whitespace=' '),
      type=GroupEntry(occurrence=None,
                      key=None,
                      type=Type(types=[Group(groupChoices=[GroupChoice(groupEntries=[GroupEntry(occurrence=None,
                                                                                                key=Memberkey(type=Typename(name='street',
                                                                                                                            unwrapped=None,
                                                                                                                            parameters=None),
                                                                                                              hasCut=True,
                                                                                                              hasColon=True,
                                                                                                              tokens=[Token(type=<Tokens.COLON: ':'>,
                                                                                                                            literal='',
                                                                                                                            comments=[],
                                                                                                                            whitespace='')]),
                                                                                                type=Type(types=[Typename(name='tstr',
                                                                                                                          unwrapped=None,
                                                                                                                          parameters=None)])),
                                                                                     GroupEntry(occurrence=Occurrence(n=0,
                                                                                                                      m=inf,
                                                                                                                      tokens=[Token(type=<Tokens.QUEST: '?'>,
                                                                                                                                    literal='',
                                                                                                                                    comments=[],
                                                                                                                                    whitespace='\n'
                                                                                                                                               '    ')]),
                                                                                                key=Memberkey(type=Typename(name='number',
                                                                                                                            unwrapped=None,
                                                                                                                            parameters=None),
                                                                                                              hasCut=True,
                                                                                                              hasColon=True,
                                                                                                              tokens=[Token(type=<Tokens.COLON: ':'>,
                                                                                                                            literal='',
                                                                                                                            comments=[],
                                                                                                                            whitespace='')]),
                                                                                                type=Type(types=[Typename(name='uint',
                                                                                                                          unwrapped=None,
                                                                                                                          parameters=None)])),
                                                                                     GroupEntry(occurrence=None,
                                                                                                key=None,
                                                                                                type=Type(types=[Typename(name='city',
                                                                                                                          unwrapped=None,
                                                                                                                          parameters=None)]))]),
                                                           GroupChoice(groupEntries=[GroupEntry(occurrence=None,
                                                                                                key=Memberkey(type=Typename(name='po-box',
                                                                                                                            unwrapped=None,
                                                                                                                            parameters=None),
                                                                                                              hasCut=True,
                                                                                                              hasColon=True,
                                                                                                              tokens=[Token(type=<Tokens.COLON: ':'>,
                                                                                                                            literal='',
                                                                                                                            comments=[],
                                                                                                                            whitespace='')]),
                                                                                                type=Type(types=[Typename(name='uint',
                                                                                                                          unwrapped=None,
                                                                                                                          parameters=None)])),
                                                                                     GroupEntry(occurrence=None,
                                                                                                key=None,
                                                                                                type=Type(types=[Typename(name='city',
                                                                                                                          unwrapped=None,
                                                                                                                          parameters=None)]))]),
                                                           GroupChoice(groupEntries=[GroupEntry(occurrence=None,
                                                                                                key=Memberkey(type=Typename(name='foo',
                                                                                                                            unwrapped=None,
                                                                                                                            parameters=None),
                                                                                                              hasCut=True,
                                                                                                              hasColon=True,
                                                                                                              tokens=[Token(type=<Tokens.COLON: ':'>,
                                                                                                                            literal='',
                                                                                                                            comments=[],
                                                                                                                            whitespace='')]),
                                                                                                type=Type(types=[Typename(name='tstr',
                                                                                                                          unwrapped=None,
                                                                                                                          parameters=None),
                                                                                                                 Typename(name='uint',
                                                                                                                          unwrapped=None,
                                                                                                                          parameters=None)]))]),
                                                           GroupChoice(groupEntries=[GroupEntry(occurrence=None,
                                                                                                key=None,
                                                                                                type=Type(types=[Typename(name='foobar',
                                                                                                                          unwrapped=None,
                                                                                                                          parameters=None)]))]),
                                                           GroupChoice(groupEntries=[GroupEntry(occurrence=None,
                                                                                                key=Memberkey(type=Typename(name='per-pickup',
                                                                                                                            unwrapped=None,
                                                                                                                            parameters=None),
                                                                                                              hasCut=True,
                                                                                                              hasColon=True,
                                                                                                              tokens=[Token(type=<Tokens.COLON: ':'>,
                                                                                                                            literal='',
                                                                                                                            comments=[],
                                                                                                                            whitespace='')]),
                                                                                                type=Type(types=[Typename(name='true',
                                                                                                                          unwrapped=None,
                                                                                                                          parameters=None)]))])],
                                             isMap=False)]))),
 Rule(name=Typename(name='city', unwrapped=None, parameters=None),
      assign=Token(type=<Tokens.ASSIGN: '='>,
                   literal='',
                   comments=[],
                   whitespace=' '),
      type=GroupEntry(occurrence=None,
                      key=None,
                      type=Type(types=[Group(groupChoices=[GroupChoice(groupEntries=[GroupEntry(occurrence=None,
                                                                                                key=Memberkey(type=Typename(name='name',
                                                                                                                            unwrapped=None,
                                                                                                                            parameters=None),
                                                                                                              hasCut=True,
                                                                                                              hasColon=True,
                                                                                                              tokens=[Token(type=<Tokens.COLON: ':'>,
                                                                                                                            literal='',
                                                                                                                            comments=[],
                                                                                                                            whitespace='')]),
                                                                                                type=Type(types=[Typename(name='tstr',
                                                                                                                          unwrapped=None,
                                                                                                                          parameters=None)])),
                                                                                     GroupEntry(occurrence=None,
                                                                                                key=Memberkey(type=Typename(name='zip-code',
                                                                                                                            unwrapped=None,
                                                                                                                            parameters=None),
                                                                                                              hasCut=True,
                                                                                                              hasColon=True,
                                                                                                              tokens=[Token(type=<Tokens.COLON: ':'>,
                                                                                                                            literal='',
                                                                                                                            comments=[],
                                                                                                                            whitespace='')]),
                                                                                                type=Type(types=[Typename(name='uint',
                                                                                                                          unwrapped=None,
                                                                                                                          parameters=None)]))])],
                                             isMap=False)]))),
 Rule(name=Typename(name='attire', unwrapped=None, parameters=None),
      assign=Token(type=<Tokens.TCHOICEALT: '/='>,
                   literal='',
                   comments=[],
                   whitespace=' '),
      type=GroupEntry(occurrence=None,
                      key=None,
                      type=Type(types=[Value(value='swimwear', type='text')]))),
 Rule(name=Typename(name='delivery', unwrapped=None, parameters=None),
      assign=Token(type=<Tokens.GCHOICEALT: '//='>,
                   literal='',
                   comments=[],
                   whitespace=' '),
      type=GroupEntry(occurrence=None,
                      key=None,
                      type=Type(types=[Group(groupChoices=[GroupChoice(groupEntries=[GroupEntry(occurrence=None,
                                                                                                key=Memberkey(type=Typename(name='lat',
                                                                                                                            unwrapped=None,
                                                                                                                            parameters=None),
                                                                                                              hasCut=True,
                                                                                                              hasColon=True,
                                                                                                              tokens=[Token(type=<Tokens.COLON: ':'>,
                                                                                                                            literal='',
                                                                                                                            comments=[],
                                                                                                                            whitespace='')]),
                                                                                                type=Type(types=[Typename(name='float',
                                                                                                                          unwrapped=None,
                                                                                                                          parameters=None)])),
                                                                                     GroupEntry(occurrence=None,
                                                                                                key=Memberkey(type=Typename(name='long',
                                                                                                                            unwrapped=None,
                                                                                                                            parameters=None),
                                                                                                              hasCut=True,
                                                                                                              hasColon=True,
                                                                                                              tokens=[Token(type=<Tokens.COLON: ':'>,
                                                                                                                            literal='',
                                                                                                                            comments=[],
                                                                                                                            whitespace='')]),
                                                                                                type=Type(types=[Typename(name='float',
                                                                                                                          unwrapped=None,
                                                                                                                          parameters=None)])),
                                                                                     GroupEntry(occurrence=None,
                                                                                                key=Memberkey(type=Typename(name='drone-type',
                                                                                                                            unwrapped=None,
                                                                                                                            parameters=None),
                                                                                                              hasCut=True,
                                                                                                              hasColon=True,
                                                                                                              tokens=[Token(type=<Tokens.COLON: ':'>,
                                                                                                                            literal='',
                                                                                                                            comments=[],
                                                                                                                            whitespace='')]),
                                                                                                type=Type(types=[Typename(name='tstr',
                                                                                                                          unwrapped=None,
                                                                                                                          parameters=None)]))])],
                                             isMap=False)])))]