[Group(name='person',
       isChoiceAddition=False,
       properties=[Property(hasCut=False,
                            occurrence=Occurrence(n=1, m=1),
                            name='',
                            type=PropertyTypes(types=[PropertyReference(type='group',
                                                                        value='identity',
                                                                        unwrapped=False,
                                                                        operator=None)]),
                            comments=[Comment(content='an identity',
                                              leading=False,
                                              type='comment')],
                            operator=None),
                   Property(hasCut=True,
                            occurrence=Occurrence(n=1, m=1),
                            name='employer',
                            type=PropertyTypes(types=[StrPropertyType(value='tstr')]),
                            comments=[Comment(content='some employer',
                                              leading=False,
                                              type='comment')],
                            operator=None)],
       comments=[],
       operator=None,
       type='group'),
 Group(name='dog',
       isChoiceAddition=False,
       properties=[Property(hasCut=False,
                            occurrence=Occurrence(n=1, m=1),
                            name='',
                            type=PropertyTypes(types=[PropertyReference(type='group',
                                                                        value='identity',
                                                                        unwrapped=False,
                                                                        operator=None)]),
                            comments=[Comment(content='an identity again',
                                              leading=False,
                                              type='comment')],
                            operator=None),
                   Property(hasCut=True,
                            occurrence=Occurrence(n=1, m=1),
                            name='leash-length',
                            type=PropertyTypes(types=[StrPropertyType(value='float')]),
                            comments=[Comment(content='some length',
                                              leading=False,
                                              type='comment')],
                            operator=None)],
       comments=[],
       operator=None,
       type='group'),
 Group(name='identity',
       isChoiceAddition=False,
       properties=[Property(hasCut=True,
                            occurrence=Occurrence(n=1, m=1),
                            name='age',
                            type=PropertyTypes(types=[StrPropertyType(value='int')]),
                            comments=[Comment(content='an age', leading=False, type='comment')],
                            operator=None),
                   Property(hasCut=True,
                            occurrence=Occurrence(n=1, m=1),
                            name='name',
                            type=PropertyTypes(types=[StrPropertyType(value='tstr')]),
                            comments=[Comment(content='a name', leading=False, type='comment')],
                            operator=None)],
       comments=[],
       operator=None,
       type='group'),
 Array(name='Geography',
       values=[Property(hasCut=True,
                        occurrence=Occurrence(n=1, m=1),
                        name='city',
                        type=PropertyTypes(types=[StrPropertyType(value='tstr')]),
                        comments=[Comment(content='a city', leading=False, type='comment')],
                        operator=None),
               Property(hasCut=True,
                        occurrence=Occurrence(n=1, m=1),
                        name='gpsCoordinates',
                        type=PropertyTypes(types=[PropertyReference(type='group',
                                                                    value='GpsCoordinates',
                                                                    unwrapped=False,
                                                                    operator=None)]),
                        comments=[Comment(content='some coordinates',
                                          leading=False,
                                          type='comment')],
                        operator=None)],
       comments=[],
       type='array'),
 Group(name='GpsCoordinates',
       isChoiceAddition=False,
       properties=[Property(hasCut=True,
                            occurrence=Occurrence(n=1, m=1),
                            name='longitude',
                            type=PropertyTypes(types=[StrPropertyType(value='uint')]),
                            comments=[Comment(content='degrees, scaled by 10^7',
                                              leading=False,
                                              type='comment')],
                            operator=None),
                   Property(hasCut=True,
                            occurrence=Occurrence(n=1, m=1),
                            name='latitude',
                            type=PropertyTypes(types=[StrPropertyType(value='uint')]),
                            comments=[Comment(content='degreed, scaled by 10^7',
                                              leading=False,
                                              type='comment')],
                            operator=None)],
       comments=[],
       operator=None,
       type='group'),
 Group(name='located-samples',
       isChoiceAddition=False,
       properties=[Property(hasCut=False,
                            occurrence=Occurrence(n=1, m=1),
                            name='sample-point',
                            type=PropertyTypes(types=[StrPropertyType(value='int')]),
                            comments=[Comment(content='some', leading=False, type='comment')],
                            operator=None),
                   Property(hasCut=False,
                            occurrence=Occurrence(n=1, m=1),
                            name='samples',
                            type=PropertyTypes(types=[Array(name='',
                                                            values=[Property(hasCut=False,
                                                                             occurrence=Occurrence(n=1,
                                                                                                   m=inf),
                                                                             name='',
                                                                             type=StrPropertyType(value='float'),
                                                                             comments=[],
                                                                             operator=None)],
                                                            comments=[],
                                                            type='array')]),
                            comments=[Comment(content='comments', leading=False, type='comment')],
                            operator=None)],
       comments=[],
       operator=None,
       type='group'),
 Group(name='extensible-map-example',
       isChoiceAddition=False,
       properties=[Property(hasCut=True,
                            occurrence=Occurrence(n=0, m=inf),
                            name='optional-key',
                            type=PropertyTypes(types=[StrPropertyType(value='int')]),
                            comments=[Comment(content='some', leading=False, type='comment')],
                            operator=None),
                   Property(hasCut=True,
                            occurrence=Occurrence(n=0, m=inf),
                            name='optional-key2',
                            type=PropertyTypes(types=[StrPropertyType(value='int')]),
                            comments=[Comment(content='really', leading=False, type='comment')],
                            operator=None),
                   Property(hasCut=True,
                            occurrence=Occurrence(n=0, m=inf),
                            name='optional-key3',
                            type=PropertyTypes(types=[StrPropertyType(value='int')]),
                            comments=[Comment(content='interesting',
                                              leading=False,
                                              type='comment')],
                            operator=None),
                   Property(hasCut=True,
                            occurrence=Occurrence(n=0, m=inf),
                            name='tstr',
                            type=PropertyTypes(types=[StrPropertyType(value='any')]),
                            comments=[Comment(content='comments', leading=False, type='comment')],
                            operator=None)],
       comments=[],
       operator=None,
       type='group'),
 Group(name='personWithoutComment',
       isChoiceAddition=False,
       properties=[Property(hasCut=False,
                            occurrence=Occurrence(n=1, m=1),
                            name='',
                            type=PropertyTypes(types=[PropertyReference(type='group',
                                                                        value='identity',
                                                                        unwrapped=False,
                                                                        operator=None)]),
                            comments=[],
                            operator=None),
                   Property(hasCut=True,
                            occurrence=Occurrence(n=1, m=1),
                            name='employer',
                            type=PropertyTypes(types=[StrPropertyType(value='tstr')]),
                            comments=[],
                            operator=None)],
       comments=[],
       operator=None,
       type='group'),
 Group(name='dogWithoutComment',
       isChoiceAddition=False,
       properties=[Property(hasCut=False,
                            occurrence=Occurrence(n=1, m=1),
                            name='',
                            type=PropertyTypes(types=[PropertyReference(type='group',
                                                                        value='identity',
                                                                        unwrapped=False,
                                                                        operator=None)]),
                            comments=[],
                            operator=None),
                   Property(hasCut=True,
                            occurrence=Occurrence(n=1, m=1),
                            name='leash-length',
                            type=PropertyTypes(types=[StrPropertyType(value='float')]),
                            comments=[],
                            operator=None)],
       comments=[],
       operator=None,
       type='group'),
 Group(name='identityWithoutComment',
       isChoiceAddition=False,
       properties=[Property(hasCut=True,
                            occurrence=Occurrence(n=1, m=1),
                            name='age',
                            type=PropertyTypes(types=[StrPropertyType(value='int')]),
                            comments=[],
                            operator=None),
                   Property(hasCut=True,
                            occurrence=Occurrence(n=1, m=1),
                            name='name',
                            type=PropertyTypes(types=[StrPropertyType(value='tstr')]),
                            comments=[],
                            operator=None)],
       comments=[],
       operator=None,
       type='group'),
 Array(name='GeographyWithoutComment',
       values=[Property(hasCut=True,
                        occurrence=Occurrence(n=1, m=1),
                        name='city',
                        type=PropertyTypes(types=[StrPropertyType(value='tstr')]),
                        comments=[],
                        operator=None),
               Property(hasCut=True,
                        occurrence=Occurrence(n=1, m=1),
                        name='gpsCoordinates',
                        type=PropertyTypes(types=[PropertyReference(type='group',
                                                                    value='GpsCoordinates',
                                                                    unwrapped=False,
                                                                    operator=None)]),
                        comments=[],
                        operator=None)],
       comments=[],
       type='array'),
 Group(name='GpsCoordinatesWithoutComment',
       isChoiceAddition=False,
       properties=[Property(hasCut=True,
                            occurrence=Occurrence(n=1, m=1),
                            name='longitude',
                            type=PropertyTypes(types=[StrPropertyType(value='uint')]),
                            comments=[],
                            operator=None),
                   Property(hasCut=True,
                            occurrence=Occurrence(n=1, m=1),
                            name='latitude',
                            type=PropertyTypes(types=[StrPropertyType(value='uint')]),
                            comments=[],
                            operator=None)],
       comments=[],
       operator=None,
       type='group'),
 Group(name='located-samples-without-comments',
       isChoiceAddition=False,
       properties=[Property(hasCut=False,
                            occurrence=Occurrence(n=1, m=1),
                            name='sample-point',
                            type=PropertyTypes(types=[StrPropertyType(value='int')]),
                            comments=[],
                            operator=None),
                   Property(hasCut=False,
                            occurrence=Occurrence(n=1, m=1),
                            name='samples',
                            type=PropertyTypes(types=[Array(name='',
                                                            values=[Property(hasCut=False,
                                                                             occurrence=Occurrence(n=1,
                                                                                                   m=inf),
                                                                             name='',
                                                                             type=StrPropertyType(value='float'),
                                                                             comments=[],
                                                                             operator=None)],
                                                            comments=[],
                                                            type='array')]),
                            comments=[],
                            operator=None)],
       comments=[],
       operator=None,
       type='group'),
 Group(name='extensible-map-example-without-comments',
       isChoiceAddition=False,
       properties=[Property(hasCut=True,
                            occurrence=Occurrence(n=0, m=inf),
                            name='optional-key',
                            type=PropertyTypes(types=[StrPropertyType(value='int')]),
                            comments=[],
                            operator=None),
                   Property(hasCut=True,
                            occurrence=Occurrence(n=0, m=inf),
                            name='optional-key2',
                            type=PropertyTypes(types=[StrPropertyType(value='int')]),
                            comments=[],
                            operator=None),
                   Property(hasCut=True,
                            occurrence=Occurrence(n=0, m=inf),
                            name='optional-key3',
                            type=PropertyTypes(types=[StrPropertyType(value='int')]),
                            comments=[],
                            operator=None),
                   Property(hasCut=True,
                            occurrence=Occurrence(n=0, m=inf),
                            name='tstr',
                            type=PropertyTypes(types=[StrPropertyType(value='any')]),
                            comments=[],
                            operator=None)],
       comments=[],
       operator=None,
       type='group')]