CDDLTree
  Token: EOF (EOF)
  Rule
    Typename
      DID-document
    Token: ASSIGN (=)
      whitespaces: 1
    Type
      Map
        Token: LBRACE ({)
          whitespaces: 1
        Token: RBRACE (})
          whitespaces: 1
        GroupChoice
          GroupEntry
            Occurrence
              Token: QUEST (?)
                whitespaces: 3
            Memberkey
              Typename
                whitespaces: 1
                @context
              Token: COLON (:)
                whitespaces: 1
            Type
              Typename
                whitespaces: 1
                uri
          GroupEntry
            Memberkey
              Typename
                whitespaces: 3
                id
              Token: COLON (:)
                whitespaces: 1
            Type
              Typename
                whitespaces: 1
                did
          GroupEntry
            Occurrence
              Token: QUEST (?)
                whitespaces: 3
            Memberkey
              Typename
                whitespaces: 1
                publicKey
              Token: COLON (:)
                whitespaces: 1
            Type
              Array
                Token: LBRACK ([)
                  whitespaces: 1
                Token: RBRACK (])
                  whitespaces: 1
                GroupChoice
                  GroupEntry
                    Occurrence
                      Token: ASTERISK (*)
                    Type
                      Typename
                        whitespaces: 1
                        publicKey
          GroupEntry
            Occurrence
              Token: QUEST (?)
                whitespaces: 3
            Memberkey
              Typename
                whitespaces: 1
                authentication
              Token: COLON (:)
                whitespaces: 1
            Type
              Array
                Token: LBRACK ([)
                  whitespaces: 2
                Token: RBRACK (])
                  whitespaces: 1
                GroupChoice
                  Token: GCHOICE (//)
                    whitespaces: 1
                  GroupEntry
                    Occurrence
                      Token: ASTERISK (*)
                        whitespaces: 1
                    Type
                      Typename
                        did
                GroupChoice
                  Token: GCHOICE (//)
                    whitespaces: 1
                  GroupEntry
                    Occurrence
                      Token: ASTERISK (*)
                        whitespaces: 1
                    Type
                      Typename
                        publicKey
                GroupChoice
                  GroupEntry
                    Occurrence
                      Token: ASTERISK (*)
                        whitespaces: 1
                    Type
                      Typename
                        tstr
          GroupEntry
            Occurrence
              Token: QUEST (?)
                whitespaces: 3
            Memberkey
              Typename
                whitespaces: 1
                service
              Token: COLON (:)
                whitespaces: 1
            Type
              Array
                Token: LBRACK ([)
                  whitespaces: 1
                Token: RBRACK (])
                  whitespaces: 2
                GroupChoice
                  GroupEntry
                    Occurrence
                      Token: PLUS (+)
                        whitespaces: 1
                    Type
                      Typename
                        whitespaces: 1
                        service
          GroupEntry
            Occurrence
              Token: QUEST (?)
                whitespaces: 3
            Memberkey
              Typename
                whitespaces: 1
                controller
              Token: COLON (:)
                whitespaces: 1
            Type
              Typename
                whitespaces: 1
                Token: TCHOICE (/)
                  whitespaces: 1
                did
              Array
                Token: LBRACK ([)
                  whitespaces: 1
                Token: RBRACK (])
                  whitespaces: 1
                GroupChoice
                  GroupEntry
                    Occurrence
                      Token: ASTERISK (*)
                        whitespaces: 1
                    Type
                      Typename
                        did
          GroupEntry
            Occurrence
              Token: QUEST (?)
                whitespaces: 3
            Memberkey
              Typename
                whitespaces: 1
                created
              Token: COLON (:)
                whitespaces: 1
            Type
              Typename
                whitespaces: 1
                time
          GroupEntry
            Occurrence
              Token: QUEST (?)
                whitespaces: 3
            Memberkey
              Typename
                whitespaces: 1
                updated
              Token: COLON (:)
                whitespaces: 1
            Type
              Typename
                whitespaces: 1
                time
          GroupEntry
            Memberkey
              Typename
                whitespaces: 3
                proof
              Token: COLON (:)
                whitespaces: 1
            Type
              Typename
                whitespaces: 2
                any
  Rule
    Typename
      whitespaces: 2
      publicKey
    Token: ASSIGN (=)
      whitespaces: 1
    Type
      Map
        Token: LBRACE ({)
          whitespaces: 1
        Token: RBRACE (})
          whitespaces: 1
        GroupChoice
          GroupEntry
            Memberkey
              Typename
                whitespaces: 3
                id
              Token: COLON (:)
                whitespaces: 1
            Type
              Typename
                whitespaces: 1
                did
          GroupEntry
            Memberkey
              Typename
                whitespaces: 3
                type
              Token: COLON (:)
                whitespaces: 1
            Type
              Typename
                whitespaces: 1
                text
          GroupEntry
            Memberkey
              Typename
                whitespaces: 3
                controller
              Token: COLON (:)
                whitespaces: 1
            Type
              Typename
                whitespaces: 1
                uri
  Rule
    Typename
      whitespaces: 2
      did
    Token: ASSIGN (=)
      whitespaces: 1
    Type
      Operator
        Typename
          whitespaces: 1
          tstr
        Token: CTLOP (CTLOP)
          whitespaces: 1
          literal: pcre
        Value (text): ^did\\:(?<method-name>[a-z0-9]{2,})\\:(?<method-specific-id>[A-Za-z0-9\\.\\-\\:\\_]+)
  Rule
    Typename
      whitespaces: 2
      did-url
    Token: ASSIGN (=)
      whitespaces: 1
    Type
      Operator
        Typename
          whitespaces: 2
          tstr
        Token: CTLOP (CTLOP)
          whitespaces: 1
          literal: pcre
        Value (text): ^did\\:(?<method-name>[a-z0-9]{2,})\\:(?<method-specific-id>[A-Za-z0-9\\.\\-\\:\\_]+)\\;(?<path>[A-Za-z0-9\\/)(?<query>\\?[a-z0-9\\=\\&])#(?<fragment>.+)
  Rule
    Typename
      whitespaces: 2
      service
    Token: ASSIGN (=)
      whitespaces: 1
    Type
      Map
        Token: LBRACE ({)
          whitespaces: 1
        Token: RBRACE (})
          whitespaces: 1
        GroupChoice
          GroupEntry
            Memberkey
              Typename
                whitespaces: 3
                id
              Token: COLON (:)
                whitespaces: 1
            Type
              Typename
                whitespaces: 1
                did-url
          GroupEntry
            Memberkey
              Typename
                whitespaces: 3
                type
              Token: COLON (:)
                whitespaces: 1
            Type
              Typename
                whitespaces: 1
                text
          GroupEntry
            Memberkey
              Typename
                whitespaces: 3
                serviceEndpoint
              Token: COLON (:)
                whitespaces: 1
            Type
              Typename
                whitespaces: 1
                uri
          GroupEntry
            Occurrence
              Token: QUEST (?)
                whitespaces: 3
            Memberkey
              Typename
                whitespaces: 1
                description
              Token: COLON (:)
                whitespaces: 1
            Type
              Typename
                whitespaces: 1
                text
          GroupEntry
            Occurrence
              Token: ASTERISK (*)
                whitespaces: 3
            Memberkey
              Typename
                whitespaces: 1
                tstr
              Token: ARROWMAP (=>)
                whitespaces: 1
            Type
              Typename
                whitespaces: 1
                any