[Rule(name=Typename(name='root', unwrapped=False, parameters=None),
      isChoiceAddition=False,
      type=GroupEntry(occurrence=Occurrence(n=1, m=1),
                      key=None,
                      type=Type(types=[Array(groupChoices=[GroupChoice(groupEntries=[GroupEntry(occurrence=Occurrence(n=2,
                                                                                                                      m=2),
                                                                                                key=None,
                                                                                                type=Type(types=[Group(groupChoices=[GroupChoice(groupEntries=[GroupEntry(occurrence=Occurrence(n=1,
                                                                                                                                                                                                m=1),
                                                                                                                                                                          key=Memberkey(type=Typename(name='precision',
                                                                                                                                                                                                      unwrapped=False,
                                                                                                                                                                                                      parameters=None),
                                                                                                                                                                                        hasCut=True),
                                                                                                                                                                          type=Type(types=[Typename(name='text',
                                                                                                                                                                                                    unwrapped=False,
                                                                                                                                                                                                    parameters=None)])),
                                                                                                                                                               GroupEntry(occurrence=Occurrence(n=1,
                                                                                                                                                                                                m=1),
                                                                                                                                                                          key=Memberkey(type=Typename(name='Latitude',
                                                                                                                                                                                                      unwrapped=False,
                                                                                                                                                                                                      parameters=None),
                                                                                                                                                                                        hasCut=True),
                                                                                                                                                                          type=Type(types=[Typename(name='float',
                                                                                                                                                                                                    unwrapped=False,
                                                                                                                                                                                                    parameters=None)])),
                                                                                                                                                               GroupEntry(occurrence=Occurrence(n=1,
                                                                                                                                                                                                m=1),
                                                                                                                                                                          key=Memberkey(type=Typename(name='Longitude',
                                                                                                                                                                                                      unwrapped=False,
                                                                                                                                                                                                      parameters=None),
                                                                                                                                                                                        hasCut=True),
                                                                                                                                                                          type=Type(types=[Typename(name='float',
                                                                                                                                                                                                    unwrapped=False,
                                                                                                                                                                                                    parameters=None)])),
                                                                                                                                                               GroupEntry(occurrence=Occurrence(n=1,
                                                                                                                                                                                                m=1),
                                                                                                                                                                          key=Memberkey(type=Typename(name='Address',
                                                                                                                                                                                                      unwrapped=False,
                                                                                                                                                                                                      parameters=None),
                                                                                                                                                                                        hasCut=True),
                                                                                                                                                                          type=Type(types=[Typename(name='text',
                                                                                                                                                                                                    unwrapped=False,
                                                                                                                                                                                                    parameters=None)])),
                                                                                                                                                               GroupEntry(occurrence=Occurrence(n=1,
                                                                                                                                                                                                m=1),
                                                                                                                                                                          key=Memberkey(type=Typename(name='City',
                                                                                                                                                                                                      unwrapped=False,
                                                                                                                                                                                                      parameters=None),
                                                                                                                                                                                        hasCut=True),
                                                                                                                                                                          type=Type(types=[Typename(name='text',
                                                                                                                                                                                                    unwrapped=False,
                                                                                                                                                                                                    parameters=None)])),
                                                                                                                                                               GroupEntry(occurrence=Occurrence(n=1,
                                                                                                                                                                                                m=1),
                                                                                                                                                                          key=Memberkey(type=Typename(name='State',
                                                                                                                                                                                                      unwrapped=False,
                                                                                                                                                                                                      parameters=None),
                                                                                                                                                                                        hasCut=True),
                                                                                                                                                                          type=Type(types=[Typename(name='text',
                                                                                                                                                                                                    unwrapped=False,
                                                                                                                                                                                                    parameters=None)])),
                                                                                                                                                               GroupEntry(occurrence=Occurrence(n=1,
                                                                                                                                                                                                m=1),
                                                                                                                                                                          key=Memberkey(type=Typename(name='Zip',
                                                                                                                                                                                                      unwrapped=False,
                                                                                                                                                                                                      parameters=None),
                                                                                                                                                                                        hasCut=True),
                                                                                                                                                                          type=Type(types=[Typename(name='text',
                                                                                                                                                                                                    unwrapped=False,
                                                                                                                                                                                                    parameters=None)])),
                                                                                                                                                               GroupEntry(occurrence=Occurrence(n=1,
                                                                                                                                                                                                m=1),
                                                                                                                                                                          key=Memberkey(type=Typename(name='Country',
                                                                                                                                                                                                      unwrapped=False,
                                                                                                                                                                                                      parameters=None),
                                                                                                                                                                                        hasCut=True),
                                                                                                                                                                          type=Type(types=[Typename(name='text',
                                                                                                                                                                                                    unwrapped=False,
                                                                                                                                                                                                    parameters=None)]))])],
                                                                                                                       isMap=True)]))])])])))]