[Group(name='f',
       isChoiceAddition=False,
       properties=[Property(hasCut=True,
                            occurrence=Occurrence(n=1, m=1),
                            name='o',
                            type=[Group(name='',
                                        isChoiceAddition=False,
                                        properties=[Property(hasCut=True,
                                                             occurrence=Occurrence(n=1, m=1),
                                                             name='o',
                                                             type=[Group(name='',
                                                                         isChoiceAddition=False,
                                                                         properties=[Property(hasCut=True,
                                                                                              occurrence=Occurrence(n=1,
                                                                                                                    m=1),
                                                                                              name='b',
                                                                                              type=[Group(name='',
                                                                                                          isChoiceAddition=False,
                                                                                                          properties=[Property(hasCut=True,
                                                                                                                               occurrence=Occurrence(n=1,
                                                                                                                                                     m=1),
                                                                                                                               name='a',
                                                                                                                               type=[Group(name='',
                                                                                                                                           isChoiceAddition=False,
                                                                                                                                           properties=[Property(hasCut=True,
                                                                                                                                                                occurrence=Occurrence(n=1,
                                                                                                                                                                                      m=1),
                                                                                                                                                                name='r',
                                                                                                                                                                type=['text'],
                                                                                                                                                                comments=[],
                                                                                                                                                                operator=None)],
                                                                                                                                           comments=[],
                                                                                                                                           type='group')],
                                                                                                                               comments=[],
                                                                                                                               operator=None)],
                                                                                                          comments=[],
                                                                                                          type='group')],
                                                                                              comments=[],
                                                                                              operator=None)],
                                                                         comments=[],
                                                                         type='group')],
                                                             comments=[],
                                                             operator=None)],
                                        comments=[],
                                        type='group')],
                            comments=[],
                            operator=None)],
       comments=[],
       type='group')]