[Rule(name=Typename(name='uint-simple', unwrapped=None, parameters=None),
      assign=Token(type=<Tokens.ASSIGN: '='>,
                   literal='',
                   comments=[],
                   whitespace=' '),
      type=Type(types=[Value(value='10045', type='number')])),
 Rule(name=Typename(name='uint-hex', unwrapped=None, parameters=None),
      assign=Token(type=<Tokens.ASSIGN: '='>,
                   literal='',
                   comments=[],
                   whitespace=' '),
      type=Type(types=[Value(value='0x0A54', type='number')])),
 Rule(name=Typename(name='uint-bin', unwrapped=None, parameters=None),
      assign=Token(type=<Tokens.ASSIGN: '='>,
                   literal='',
                   comments=[],
                   whitespace=' '),
      type=Type(types=[Value(value='0b01110', type='number')])),
 Rule(name=Typename(name='uint-zero', unwrapped=None, parameters=None),
      assign=Token(type=<Tokens.ASSIGN: '='>,
                   literal='',
                   comments=[],
                   whitespace=' '),
      type=Type(types=[Value(value='0', type='number')])),
 Rule(name=Typename(name='uint-fraction', unwrapped=None, parameters=None),
      assign=Token(type=<Tokens.ASSIGN: '='>,
                   literal='',
                   comments=[],
                   whitespace=' '),
      type=Type(types=[Value(value='0.96', type='number')])),
 Rule(name=Typename(name='int-neg', unwrapped=None, parameters=None),
      assign=Token(type=<Tokens.ASSIGN: '='>,
                   literal='',
                   comments=[],
                   whitespace=' '),
      type=Type(types=[Value(value='-42', type='number')])),
 Rule(name=Typename(name='int-hexneg', unwrapped=None, parameters=None),
      assign=Token(type=<Tokens.ASSIGN: '='>,
                   literal='',
                   comments=[],
                   whitespace=' '),
      type=Type(types=[Value(value='-0xFF', type='number')])),
 Rule(name=Typename(name='int-binneg', unwrapped=None, parameters=None),
      assign=Token(type=<Tokens.ASSIGN: '='>,
                   literal='',
                   comments=[],
                   whitespace=' '),
      type=Type(types=[Value(value='-0b1110', type='number')])),
 Rule(name=Typename(name='number-1', unwrapped=None, parameters=None),
      assign=Token(type=<Tokens.ASSIGN: '='>,
                   literal='',
                   comments=[],
                   whitespace=' '),
      type=Type(types=[Value(value='78.12', type='number')])),
 Rule(name=Typename(name='number-2', unwrapped=None, parameters=None),
      assign=Token(type=<Tokens.ASSIGN: '='>,
                   literal='',
                   comments=[],
                   whitespace=' '),
      type=Type(types=[Value(value='9993e2024', type='number')])),
 Rule(name=Typename(name='number-3', unwrapped=None, parameters=None),
      assign=Token(type=<Tokens.ASSIGN: '='>,
                   literal='',
                   comments=[],
                   whitespace=' '),
      type=Type(types=[Value(value='-375.023e14', type='number')])),
 Rule(name=Typename(name='number-4', unwrapped=None, parameters=None),
      assign=Token(type=<Tokens.ASSIGN: '='>,
                   literal='',
                   comments=[],
                   whitespace=' '),
      type=Type(types=[Value(value='-375.023e-14', type='number')])),
 Rule(name=Typename(name='number-5', unwrapped=None, parameters=None),
      assign=Token(type=<Tokens.ASSIGN: '='>,
                   literal='',
                   comments=[],
                   whitespace=' '),
      type=Type(types=[Value(value='-375.023e+14', type='number')])),
 Rule(name=Typename(name='hexfloat-int', unwrapped=None, parameters=None),
      assign=Token(type=<Tokens.ASSIGN: '='>,
                   literal='',
                   comments=[],
                   whitespace=' '),
      type=Type(types=[Value(value='0x09AB53p1', type='number')])),
 Rule(name=Typename(name='hexfloat-negative', unwrapped=None, parameters=None),
      assign=Token(type=<Tokens.ASSIGN: '='>,
                   literal='',
                   comments=[],
                   whitespace=' '),
      type=Type(types=[Value(value='-0x10p-20', type='number')])),
 Rule(name=Typename(name='heffloat-float', unwrapped=None, parameters=None),
      assign=Token(type=<Tokens.ASSIGN: '='>,
                   literal='',
                   comments=[],
                   whitespace=' '),
      type=Type(types=[Value(value='0xF.2Ap+2', type='number')]))]