CDDLTree
  Token: EOF (EOF)
    whitespaces: 1
  Rule
    Typename
      ip4
    Token: ASSIGN (=)
      whitespaces: 1
    Type
      Operator
        Typename
          whitespaces: 1
          bstr
        Token: CTLOP (CTLOP)
          whitespaces: 1
          literal: size
        Value (number): 4
  Rule
    Typename
      whitespaces: 1
      label
    Token: ASSIGN (=)
      whitespaces: 1
    Type
      Operator
        Typename
          whitespaces: 1
          bstr
        Token: CTLOP (CTLOP)
          whitespaces: 1
          literal: size
        Type
          Token: LPAREN (()
            whitespaces: 1
          Token: RPAREN ())
          Range
            Value (number): 1
            Token: INCLRANGE (..)
            Value (number): 63
  Rule
    Typename
      whitespaces: 1
      nai
    Token: ASSIGN (=)
      whitespaces: 1
    Type
      Operator
        Typename
          whitespaces: 1
          tstr
        Token: CTLOP (CTLOP)
          whitespaces: 1
          literal: regexp
        Value (text): [A-Za-z0-9]+@[A-Za-z0-9]+(\\.[A-Za-z0-9]+)+
  Rule
    Typename
      whitespaces: 1
      rwxbits
    Token: ASSIGN (=)
      whitespaces: 1
    Type
      Operator
        Typename
          whitespaces: 1
          uint
        Token: CTLOP (CTLOP)
          whitespaces: 1
          literal: bits
        Typename
          whitespaces: 1
          rwx
  Rule
    Typename
      whitespaces: 2
      foo
    Token: ASSIGN (=)
      whitespaces: 1
    Type
      Operator
        Typename
          whitespaces: 1
          ip4
        Token: CTLOP (CTLOP)
          whitespaces: 1
          literal: and
        Typename
          whitespaces: 1
          nai
  Rule
    Typename
      whitespaces: 1
      fooWithin
    Token: ASSIGN (=)
      whitespaces: 1
    Type
      Operator
        Typename
          whitespaces: 1
          ip4
        Token: CTLOP (CTLOP)
          whitespaces: 1
          literal: within
        Typename
          whitespaces: 1
          nai
  Rule
    Typename
      whitespaces: 1
      bar
    Token: ASSIGN (=)
      whitespaces: 1
    Type
      Operator
        Typename
          whitespaces: 1
          foo
        Token: CTLOP (CTLOP)
          whitespaces: 1
          literal: ne
        Typename
          whitespaces: 1
          fooWithin
  Rule
    Typename
      whitespaces: 2
      speed
    Token: ASSIGN (=)
      whitespaces: 1
    Type
      Operator
        Typename
          whitespaces: 1
          number
        Token: CTLOP (CTLOP)
          whitespaces: 1
          literal: ge
        Value (number): 0
  Rule
    Typename
      Token: COMMENT (COMMENT)
        whitespaces: 2
        literal: ; unit: m/s
      whitespaces: 1
      speed2
    Token: ASSIGN (=)
      whitespaces: 1
    Type
      Operator
        Typename
          whitespaces: 1
          number
        Token: CTLOP (CTLOP)
          whitespaces: 1
          literal: le
        Value (number): 10
  Rule
    Typename
      Token: COMMENT (COMMENT)
        whitespaces: 2
        literal: ; unit: m/s
      whitespaces: 1
      speed3
    Token: ASSIGN (=)
      whitespaces: 1
    Type
      Operator
        Typename
          whitespaces: 1
          number
        Token: CTLOP (CTLOP)
          whitespaces: 1
          literal: gt
        Value (number): 0
  Rule
    Typename
      Token: COMMENT (COMMENT)
        whitespaces: 2
        literal: ; unit: m/s
      whitespaces: 1
      speed4
    Token: ASSIGN (=)
      whitespaces: 1
    Type
      Operator
        Typename
          whitespaces: 1
          number
        Token: CTLOP (CTLOP)
          whitespaces: 1
          literal: lt
        Value (number): 10
  Rule
    Typename
      Token: COMMENT (COMMENT)
        whitespaces: 2
        literal: ; unit: m/s
      whitespaces: 2
      displayed-step
    Token: ASSIGN (=)
      whitespaces: 1
    Type
      Operator
        Typename
          whitespaces: 1
          number
        Token: CTLOP (CTLOP)
          whitespaces: 1
          literal: default
        Value (number): 1
  Rule
    Typename
      whitespaces: 1
      someGroup
    Token: ASSIGN (=)
      whitespaces: 1
    Type
      Map
        Token: LBRACE ({)
          whitespaces: 1
        Token: RBRACE (})
          whitespaces: 1
        GroupChoice
          GroupEntry
            Token: COMMA (,)
            Occurrence
              Token: QUEST (?)
                whitespaces: 5
            Memberkey
              Typename
                optional
              Token: COLON (:)
            Type
              Operator
                Typename
                  whitespaces: 1
                  tstr
                Token: CTLOP (CTLOP)
                  whitespaces: 1
                  literal: default
                Value (text): foobar
          GroupEntry
            Token: COMMA (,)
            Occurrence
              Token: QUEST (?)
                whitespaces: 5
            Memberkey
              Typename
                orientation
              Token: COLON (:)
            Type
              Operator
                Type
                  Token: LPAREN (()
                    whitespaces: 1
                  Token: RPAREN ())
                  Value (text): portrait
                  Value (text): landscape
                Token: CTLOP (CTLOP)
                  whitespaces: 1
                  literal: default
                Value (text): portrait
          GroupEntry
            Token: COMMA (,)
            Occurrence
              Token: QUEST (?)
                whitespaces: 5
            Memberkey
              Typename
                scale
              Token: COLON (:)
            Type
              Operator
                Type
                  Token: LPAREN (()
                    whitespaces: 1
                  Token: RPAREN ())
                  Range
                    Value (number): 0.1
                    Token: INCLRANGE (..)
                    Value (number): 2.0
                Token: CTLOP (CTLOP)
                  whitespaces: 1
                  literal: default
                Value (number): 1.0
          GroupEntry
            Token: COMMA (,)
            Occurrence
              Token: QUEST (?)
                whitespaces: 5
            Memberkey
              Typename
                shrinkToFit
              Token: COLON (:)
            Type
              Operator
                Typename
                  whitespaces: 1
                  bool
                Token: CTLOP (CTLOP)
                  whitespaces: 1
                  literal: default
                Typename
                  whitespaces: 1
                  true
          GroupEntry
            Token: COMMA (,)
            Occurrence
              Token: QUEST (?)
                whitespaces: 5
            Memberkey
              Typename
                shrinkToFitP
              Token: COLON (:)
            Type
              Operator
                Type
                  Token: LPAREN (()
                    whitespaces: 1
                  Token: RPAREN ())
                  Typename
                    bool
                Token: CTLOP (CTLOP)
                  whitespaces: 1
                  literal: default
                Typename
                  whitespaces: 1
                  true
          GroupEntry
            Token: COMMA (,)
            Occurrence
              Token: QUEST (?)
                whitespaces: 5
            Memberkey
              Typename
                bottom
              Token: COLON (:)
            Type
              Operator
                Type
                  Token: LPAREN (()
                    whitespaces: 1
                  Token: RPAREN ())
                  Operator
                    Typename
                      float
                    Token: CTLOP (CTLOP)
                      whitespaces: 1
                      literal: ge
                    Value (number): 0.0
                Token: CTLOP (CTLOP)
                  whitespaces: 1
                  literal: default
                Value (number): 1.0
  Rule
    Typename
      whitespaces: 2
      optional
    Token: ASSIGN (=)
      whitespaces: 1
    Type
      Operator
        Typename
          whitespaces: 1
          tstr
        Token: CTLOP (CTLOP)
          whitespaces: 1
          literal: default
        Value (text): foobar
  Rule
    Typename
      whitespaces: 1
      orientation
    Token: ASSIGN (=)
      whitespaces: 1
    GroupEntry
      Type
        Operator
          Group
            Token: LPAREN (()
              whitespaces: 1
            Token: RPAREN ())
            GroupChoice
              GroupEntry
                Type
                  Value (text): portrait
                  Value (text): landscape
          Token: CTLOP (CTLOP)
            whitespaces: 1
            literal: default
          Value (text): portrait