[Rule(name=Typename(name='t', unwrapped=False, parameters=None),
      isChoiceAddition=False,
      type=GroupEntry(occurrence=Occurrence(n=1, m=1),
                      key=None,
                      type=Type(types=[Array(groupChoices=[GroupChoice(groupEntries=[GroupEntry(occurrence=Occurrence(n=1,
                                                                                                                      m=1),
                                                                                                key=None,
                                                                                                type=Type(types=[Typename(name='group1',
                                                                                                                          unwrapped=False,
                                                                                                                          parameters=None)]))])])]))),
 Rule(name=Typename(name='group1', unwrapped=False, parameters=None),
      isChoiceAddition=False,
      type=GroupEntry(occurrence=Occurrence(n=1, m=1),
                      key=None,
                      type=Type(types=[Group(groupChoices=[GroupChoice(groupEntries=[GroupEntry(occurrence=Occurrence(n=1,
                                                                                                                      m=1),
                                                                                                key=None,
                                                                                                type=Type(types=[Typename(name='a',
                                                                                                                          unwrapped=False,
                                                                                                                          parameters=None),
                                                                                                                 Typename(name='b',
                                                                                                                          unwrapped=False,
                                                                                                                          parameters=None)])),
                                                                                     GroupEntry(occurrence=Occurrence(n=1,
                                                                                                                      m=1),
                                                                                                key=None,
                                                                                                type=Type(types=[Typename(name='c',
                                                                                                                          unwrapped=False,
                                                                                                                          parameters=None),
                                                                                                                 Typename(name='d',
                                                                                                                          unwrapped=False,
                                                                                                                          parameters=None)]))]),
                                                           GroupChoice(groupEntries=[GroupEntry(occurrence=Occurrence(n=1,
                                                                                                                      m=1),
                                                                                                key=None,
                                                                                                type=Type(types=[Typename(name='a',
                                                                                                                          unwrapped=False,
                                                                                                                          parameters=None),
                                                                                                                 Typename(name='b',
                                                                                                                          unwrapped=False,
                                                                                                                          parameters=None)])),
                                                                                     GroupEntry(occurrence=Occurrence(n=1,
                                                                                                                      m=1),
                                                                                                key=None,
                                                                                                type=Type(types=[Typename(name='c',
                                                                                                                          unwrapped=False,
                                                                                                                          parameters=None),
                                                                                                                 Typename(name='d',
                                                                                                                          unwrapped=False,
                                                                                                                          parameters=None)]))])],
                                             isMap=False)]))),
 Rule(name=Typename(name='a', unwrapped=False, parameters=None),
      isChoiceAddition=False,
      type=GroupEntry(occurrence=Occurrence(n=1, m=1),
                      key=None,
                      type=Type(types=[Value(value='1', type='number')]))),
 Rule(name=Typename(name='b', unwrapped=False, parameters=None),
      isChoiceAddition=False,
      type=GroupEntry(occurrence=Occurrence(n=1, m=1),
                      key=None,
                      type=Type(types=[Value(value='2', type='number')]))),
 Rule(name=Typename(name='c', unwrapped=False, parameters=None),
      isChoiceAddition=False,
      type=GroupEntry(occurrence=Occurrence(n=1, m=1),
                      key=None,
                      type=Type(types=[Value(value='3', type='number')]))),
 Rule(name=Typename(name='d', unwrapped=False, parameters=None),
      isChoiceAddition=False,
      type=GroupEntry(occurrence=Occurrence(n=1, m=1),
                      key=None,
                      type=Type(types=[Value(value='4', type='number')])))]