[Rule(name=Typename(name='any', unwrapped=None, parameters=None),
      assign=Token(type=<Tokens.ASSIGN: '='>,
                   literal='',
                   comments=[],
                   whitespace=' '),
      type=Type(types=[Tag(numericPart=None, typePart=None)])),
 Rule(name=Typename(name='uint', unwrapped=None, parameters=None),
      assign=Token(type=<Tokens.ASSIGN: '='>,
                   literal='',
                   comments=[],
                   whitespace=' '),
      type=Type(types=[Tag(numericPart=Token(type=<Tokens.NUMBER: 'NUMBER'>,
                                             literal='0',
                                             comments=[],
                                             whitespace=''),
                           typePart=None)])),
 Rule(name=Typename(name='nint', unwrapped=None, parameters=None),
      assign=Token(type=<Tokens.ASSIGN: '='>,
                   literal='',
                   comments=[],
                   whitespace=' '),
      type=Type(types=[Tag(numericPart=Token(type=<Tokens.NUMBER: 'NUMBER'>,
                                             literal='1',
                                             comments=[],
                                             whitespace=''),
                           typePart=None)])),
 Rule(name=Typename(name='int', unwrapped=None, parameters=None),
      assign=Token(type=<Tokens.ASSIGN: '='>,
                   literal='',
                   comments=[],
                   whitespace=' '),
      type=Type(types=[Typename(name='uint', unwrapped=None, parameters=None),
                       Typename(name='nint', unwrapped=None, parameters=None)])),
 Rule(name=Typename(name='bstr', unwrapped=None, parameters=None),
      assign=Token(type=<Tokens.ASSIGN: '='>,
                   literal='',
                   comments=[],
                   whitespace=' '),
      type=Type(types=[Tag(numericPart=Token(type=<Tokens.NUMBER: 'NUMBER'>,
                                             literal='2',
                                             comments=[],
                                             whitespace=''),
                           typePart=None)])),
 Rule(name=Typename(name='bytes', unwrapped=None, parameters=None),
      assign=Token(type=<Tokens.ASSIGN: '='>,
                   literal='',
                   comments=[],
                   whitespace=' '),
      type=Type(types=[Typename(name='bstr', unwrapped=None, parameters=None)])),
 Rule(name=Typename(name='tstr', unwrapped=None, parameters=None),
      assign=Token(type=<Tokens.ASSIGN: '='>,
                   literal='',
                   comments=[],
                   whitespace=' '),
      type=Type(types=[Tag(numericPart=Token(type=<Tokens.NUMBER: 'NUMBER'>,
                                             literal='3',
                                             comments=[],
                                             whitespace=''),
                           typePart=None)])),
 Rule(name=Typename(name='text', unwrapped=None, parameters=None),
      assign=Token(type=<Tokens.ASSIGN: '='>,
                   literal='',
                   comments=[],
                   whitespace=' '),
      type=Type(types=[Typename(name='tstr', unwrapped=None, parameters=None)])),
 Rule(name=Typename(name='tdate', unwrapped=None, parameters=None),
      assign=Token(type=<Tokens.ASSIGN: '='>,
                   literal='',
                   comments=[],
                   whitespace=' '),
      type=Type(types=[Tag(numericPart=Token(type=<Tokens.FLOAT: 'FLOAT'>,
                                             literal='6.0',
                                             comments=[],
                                             whitespace=''),
                           typePart=Type(types=[Typename(name='tstr',
                                                         unwrapped=None,
                                                         parameters=None)]))])),
 Rule(name=Typename(name='time', unwrapped=None, parameters=None),
      assign=Token(type=<Tokens.ASSIGN: '='>,
                   literal='',
                   comments=[],
                   whitespace=' '),
      type=Type(types=[Tag(numericPart=Token(type=<Tokens.FLOAT: 'FLOAT'>,
                                             literal='6.1',
                                             comments=[],
                                             whitespace=''),
                           typePart=Type(types=[Typename(name='number',
                                                         unwrapped=None,
                                                         parameters=None)]))])),
 Rule(name=Typename(name='number', unwrapped=None, parameters=None),
      assign=Token(type=<Tokens.ASSIGN: '='>,
                   literal='',
                   comments=[],
                   whitespace=' '),
      type=Type(types=[Typename(name='int', unwrapped=None, parameters=None),
                       Typename(name='float', unwrapped=None, parameters=None)])),
 Rule(name=Typename(name='biguint', unwrapped=None, parameters=None),
      assign=Token(type=<Tokens.ASSIGN: '='>,
                   literal='',
                   comments=[],
                   whitespace=' '),
      type=Type(types=[Tag(numericPart=Token(type=<Tokens.FLOAT: 'FLOAT'>,
                                             literal='6.2',
                                             comments=[],
                                             whitespace=''),
                           typePart=Type(types=[Typename(name='bstr',
                                                         unwrapped=None,
                                                         parameters=None)]))])),
 Rule(name=Typename(name='bignint', unwrapped=None, parameters=None),
      assign=Token(type=<Tokens.ASSIGN: '='>,
                   literal='',
                   comments=[],
                   whitespace=' '),
      type=Type(types=[Tag(numericPart=Token(type=<Tokens.FLOAT: 'FLOAT'>,
                                             literal='6.3',
                                             comments=[],
                                             whitespace=''),
                           typePart=Type(types=[Typename(name='bstr',
                                                         unwrapped=None,
                                                         parameters=None)]))])),
 Rule(name=Typename(name='bigint', unwrapped=None, parameters=None),
      assign=Token(type=<Tokens.ASSIGN: '='>,
                   literal='',
                   comments=[],
                   whitespace=' '),
      type=Type(types=[Typename(name='biguint',
                                unwrapped=None,
                                parameters=None),
                       Typename(name='bignint',
                                unwrapped=None,
                                parameters=None)])),
 Rule(name=Typename(name='integer', unwrapped=None, parameters=None),
      assign=Token(type=<Tokens.ASSIGN: '='>,
                   literal='',
                   comments=[],
                   whitespace=' '),
      type=Type(types=[Typename(name='int', unwrapped=None, parameters=None),
                       Typename(name='bigint',
                                unwrapped=None,
                                parameters=None)])),
 Rule(name=Typename(name='unsigned', unwrapped=None, parameters=None),
      assign=Token(type=<Tokens.ASSIGN: '='>,
                   literal='',
                   comments=[],
                   whitespace=' '),
      type=Type(types=[Typename(name='uint', unwrapped=None, parameters=None),
                       Typename(name='biguint',
                                unwrapped=None,
                                parameters=None)])),
 Rule(name=Typename(name='decfrac', unwrapped=None, parameters=None),
      assign=Token(type=<Tokens.ASSIGN: '='>,
                   literal='',
                   comments=[],
                   whitespace=' '),
      type=Type(types=[Tag(numericPart=Token(type=<Tokens.FLOAT: 'FLOAT'>,
                                             literal='6.4',
                                             comments=[],
                                             whitespace=''),
                           typePart=Type(types=[Array(groupChoices=[GroupChoice(groupEntries=[GroupEntry(occurrence=None,
                                                                                                         key=Memberkey(type=Typename(name='e10',
                                                                                                                                     unwrapped=None,
                                                                                                                                     parameters=None),
                                                                                                                       hasCut=True,
                                                                                                                       hasColon=True,
                                                                                                                       tokens=[Token(type=<Tokens.COLON: ':'>,
                                                                                                                                     literal='',
                                                                                                                                     comments=[],
                                                                                                                                     whitespace='')]),
                                                                                                         type=Type(types=[Typename(name='int',
                                                                                                                                   unwrapped=None,
                                                                                                                                   parameters=None)])),
                                                                                              GroupEntry(occurrence=None,
                                                                                                         key=Memberkey(type=Typename(name='m',
                                                                                                                                     unwrapped=None,
                                                                                                                                     parameters=None),
                                                                                                                       hasCut=True,
                                                                                                                       hasColon=True,
                                                                                                                       tokens=[Token(type=<Tokens.COLON: ':'>,
                                                                                                                                     literal='',
                                                                                                                                     comments=[],
                                                                                                                                     whitespace='')]),
                                                                                                         type=Type(types=[Typename(name='integer',
                                                                                                                                   unwrapped=None,
                                                                                                                                   parameters=None)]))])])]))])),
 Rule(name=Typename(name='bigfloat', unwrapped=None, parameters=None),
      assign=Token(type=<Tokens.ASSIGN: '='>,
                   literal='',
                   comments=[],
                   whitespace=' '),
      type=Type(types=[Tag(numericPart=Token(type=<Tokens.FLOAT: 'FLOAT'>,
                                             literal='6.5',
                                             comments=[],
                                             whitespace=''),
                           typePart=Type(types=[Array(groupChoices=[GroupChoice(groupEntries=[GroupEntry(occurrence=None,
                                                                                                         key=Memberkey(type=Typename(name='e2',
                                                                                                                                     unwrapped=None,
                                                                                                                                     parameters=None),
                                                                                                                       hasCut=True,
                                                                                                                       hasColon=True,
                                                                                                                       tokens=[Token(type=<Tokens.COLON: ':'>,
                                                                                                                                     literal='',
                                                                                                                                     comments=[],
                                                                                                                                     whitespace='')]),
                                                                                                         type=Type(types=[Typename(name='int',
                                                                                                                                   unwrapped=None,
                                                                                                                                   parameters=None)])),
                                                                                              GroupEntry(occurrence=None,
                                                                                                         key=Memberkey(type=Typename(name='m',
                                                                                                                                     unwrapped=None,
                                                                                                                                     parameters=None),
                                                                                                                       hasCut=True,
                                                                                                                       hasColon=True,
                                                                                                                       tokens=[Token(type=<Tokens.COLON: ':'>,
                                                                                                                                     literal='',
                                                                                                                                     comments=[],
                                                                                                                                     whitespace='')]),
                                                                                                         type=Type(types=[Typename(name='integer',
                                                                                                                                   unwrapped=None,
                                                                                                                                   parameters=None)]))])])]))])),
 Rule(name=Typename(name='eb64url', unwrapped=None, parameters=None),
      assign=Token(type=<Tokens.ASSIGN: '='>,
                   literal='',
                   comments=[],
                   whitespace=' '),
      type=Type(types=[Tag(numericPart=Token(type=<Tokens.FLOAT: 'FLOAT'>,
                                             literal='6.21',
                                             comments=[],
                                             whitespace=''),
                           typePart=Type(types=[Typename(name='any',
                                                         unwrapped=None,
                                                         parameters=None)]))])),
 Rule(name=Typename(name='eb64legacy', unwrapped=None, parameters=None),
      assign=Token(type=<Tokens.ASSIGN: '='>,
                   literal='',
                   comments=[],
                   whitespace=' '),
      type=Type(types=[Tag(numericPart=Token(type=<Tokens.FLOAT: 'FLOAT'>,
                                             literal='6.22',
                                             comments=[],
                                             whitespace=''),
                           typePart=Type(types=[Typename(name='any',
                                                         unwrapped=None,
                                                         parameters=None)]))])),
 Rule(name=Typename(name='eb16', unwrapped=None, parameters=None),
      assign=Token(type=<Tokens.ASSIGN: '='>,
                   literal='',
                   comments=[],
                   whitespace=' '),
      type=Type(types=[Tag(numericPart=Token(type=<Tokens.FLOAT: 'FLOAT'>,
                                             literal='6.23',
                                             comments=[],
                                             whitespace=''),
                           typePart=Type(types=[Typename(name='any',
                                                         unwrapped=None,
                                                         parameters=None)]))])),
 Rule(name=Typename(name='encoded-cbor', unwrapped=None, parameters=None),
      assign=Token(type=<Tokens.ASSIGN: '='>,
                   literal='',
                   comments=[],
                   whitespace=' '),
      type=Type(types=[Tag(numericPart=Token(type=<Tokens.FLOAT: 'FLOAT'>,
                                             literal='6.24',
                                             comments=[],
                                             whitespace=''),
                           typePart=Type(types=[Typename(name='bstr',
                                                         unwrapped=None,
                                                         parameters=None)]))])),
 Rule(name=Typename(name='uri', unwrapped=None, parameters=None),
      assign=Token(type=<Tokens.ASSIGN: '='>,
                   literal='',
                   comments=[],
                   whitespace=' '),
      type=Type(types=[Tag(numericPart=Token(type=<Tokens.FLOAT: 'FLOAT'>,
                                             literal='6.32',
                                             comments=[],
                                             whitespace=''),
                           typePart=Type(types=[Typename(name='tstr',
                                                         unwrapped=None,
                                                         parameters=None)]))])),
 Rule(name=Typename(name='b64url', unwrapped=None, parameters=None),
      assign=Token(type=<Tokens.ASSIGN: '='>,
                   literal='',
                   comments=[],
                   whitespace=' '),
      type=Type(types=[Tag(numericPart=Token(type=<Tokens.FLOAT: 'FLOAT'>,
                                             literal='6.33',
                                             comments=[],
                                             whitespace=''),
                           typePart=Type(types=[Typename(name='tstr',
                                                         unwrapped=None,
                                                         parameters=None)]))])),
 Rule(name=Typename(name='b64legacy', unwrapped=None, parameters=None),
      assign=Token(type=<Tokens.ASSIGN: '='>,
                   literal='',
                   comments=[],
                   whitespace=' '),
      type=Type(types=[Tag(numericPart=Token(type=<Tokens.FLOAT: 'FLOAT'>,
                                             literal='6.34',
                                             comments=[],
                                             whitespace=''),
                           typePart=Type(types=[Typename(name='tstr',
                                                         unwrapped=None,
                                                         parameters=None)]))])),
 Rule(name=Typename(name='regexp', unwrapped=None, parameters=None),
      assign=Token(type=<Tokens.ASSIGN: '='>,
                   literal='',
                   comments=[],
                   whitespace=' '),
      type=Type(types=[Tag(numericPart=Token(type=<Tokens.FLOAT: 'FLOAT'>,
                                             literal='6.35',
                                             comments=[],
                                             whitespace=''),
                           typePart=Type(types=[Typename(name='tstr',
                                                         unwrapped=None,
                                                         parameters=None)]))])),
 Rule(name=Typename(name='mime-message', unwrapped=None, parameters=None),
      assign=Token(type=<Tokens.ASSIGN: '='>,
                   literal='',
                   comments=[],
                   whitespace=' '),
      type=Type(types=[Tag(numericPart=Token(type=<Tokens.FLOAT: 'FLOAT'>,
                                             literal='6.36',
                                             comments=[],
                                             whitespace=''),
                           typePart=Type(types=[Typename(name='tstr',
                                                         unwrapped=None,
                                                         parameters=None)]))])),
 Rule(name=Typename(name='cbor-any', unwrapped=None, parameters=None),
      assign=Token(type=<Tokens.ASSIGN: '='>,
                   literal='',
                   comments=[],
                   whitespace=' '),
      type=Type(types=[Tag(numericPart=Token(type=<Tokens.FLOAT: 'FLOAT'>,
                                             literal='6.55799',
                                             comments=[],
                                             whitespace=''),
                           typePart=Type(types=[Typename(name='any',
                                                         unwrapped=None,
                                                         parameters=None)]))])),
 Rule(name=Typename(name='float16', unwrapped=None, parameters=None),
      assign=Token(type=<Tokens.ASSIGN: '='>,
                   literal='',
                   comments=[],
                   whitespace=' '),
      type=Type(types=[Tag(numericPart=Token(type=<Tokens.FLOAT: 'FLOAT'>,
                                             literal='7.25',
                                             comments=[],
                                             whitespace=''),
                           typePart=None)])),
 Rule(name=Typename(name='float32', unwrapped=None, parameters=None),
      assign=Token(type=<Tokens.ASSIGN: '='>,
                   literal='',
                   comments=[],
                   whitespace=' '),
      type=Type(types=[Tag(numericPart=Token(type=<Tokens.FLOAT: 'FLOAT'>,
                                             literal='7.26',
                                             comments=[],
                                             whitespace=''),
                           typePart=None)])),
 Rule(name=Typename(name='float64', unwrapped=None, parameters=None),
      assign=Token(type=<Tokens.ASSIGN: '='>,
                   literal='',
                   comments=[],
                   whitespace=' '),
      type=Type(types=[Tag(numericPart=Token(type=<Tokens.FLOAT: 'FLOAT'>,
                                             literal='7.27',
                                             comments=[],
                                             whitespace=''),
                           typePart=None)])),
 Rule(name=Typename(name='float16-32', unwrapped=None, parameters=None),
      assign=Token(type=<Tokens.ASSIGN: '='>,
                   literal='',
                   comments=[],
                   whitespace=' '),
      type=Type(types=[Typename(name='float16',
                                unwrapped=None,
                                parameters=None),
                       Typename(name='float32',
                                unwrapped=None,
                                parameters=None)])),
 Rule(name=Typename(name='float32-64', unwrapped=None, parameters=None),
      assign=Token(type=<Tokens.ASSIGN: '='>,
                   literal='',
                   comments=[],
                   whitespace=' '),
      type=Type(types=[Typename(name='float32',
                                unwrapped=None,
                                parameters=None),
                       Typename(name='float64',
                                unwrapped=None,
                                parameters=None)])),
 Rule(name=Typename(name='float', unwrapped=None, parameters=None),
      assign=Token(type=<Tokens.ASSIGN: '='>,
                   literal='',
                   comments=[],
                   whitespace=' '),
      type=Type(types=[Typename(name='float16-32',
                                unwrapped=None,
                                parameters=None),
                       Typename(name='float64',
                                unwrapped=None,
                                parameters=None)])),
 Rule(name=Typename(name='false', unwrapped=None, parameters=None),
      assign=Token(type=<Tokens.ASSIGN: '='>,
                   literal='',
                   comments=[],
                   whitespace=' '),
      type=Type(types=[Tag(numericPart=Token(type=<Tokens.FLOAT: 'FLOAT'>,
                                             literal='7.20',
                                             comments=[],
                                             whitespace=''),
                           typePart=None)])),
 Rule(name=Typename(name='true', unwrapped=None, parameters=None),
      assign=Token(type=<Tokens.ASSIGN: '='>,
                   literal='',
                   comments=[],
                   whitespace=' '),
      type=Type(types=[Tag(numericPart=Token(type=<Tokens.FLOAT: 'FLOAT'>,
                                             literal='7.21',
                                             comments=[],
                                             whitespace=''),
                           typePart=None)])),
 Rule(name=Typename(name='bool', unwrapped=None, parameters=None),
      assign=Token(type=<Tokens.ASSIGN: '='>,
                   literal='',
                   comments=[],
                   whitespace=' '),
      type=Type(types=[Typename(name='false', unwrapped=None, parameters=None),
                       Typename(name='true', unwrapped=None, parameters=None)])),
 Rule(name=Typename(name='nil', unwrapped=None, parameters=None),
      assign=Token(type=<Tokens.ASSIGN: '='>,
                   literal='',
                   comments=[],
                   whitespace=' '),
      type=Type(types=[Tag(numericPart=Token(type=<Tokens.FLOAT: 'FLOAT'>,
                                             literal='7.22',
                                             comments=[],
                                             whitespace=''),
                           typePart=None)])),
 Rule(name=Typename(name='null', unwrapped=None, parameters=None),
      assign=Token(type=<Tokens.ASSIGN: '='>,
                   literal='',
                   comments=[],
                   whitespace=' '),
      type=Type(types=[Typename(name='nil', unwrapped=None, parameters=None)])),
 Rule(name=Typename(name='undefined', unwrapped=None, parameters=None),
      assign=Token(type=<Tokens.ASSIGN: '='>,
                   literal='',
                   comments=[],
                   whitespace=' '),
      type=Type(types=[Tag(numericPart=Token(type=<Tokens.FLOAT: 'FLOAT'>,
                                             literal='7.23',
                                             comments=[],
                                             whitespace=''),
                           typePart=None)]))]