[Rule(name=Typename(name='PersonalData', unwrapped=None, parameters=None),
      assign=Token(type=<Tokens.ASSIGN: '='>,
                   literal='',
                   comments=[],
                   whitespace=' '),
      type=GroupEntry(occurrence=None,
                      key=None,
                      type=Type(types=[Group(groupChoices=[GroupChoice(groupEntries=[GroupEntry(occurrence=Occurrence(n=0,
                                                                                                                      m=inf,
                                                                                                                      tokens=[Token(type=<Tokens.QUEST: '?'>,
                                                                                                                                    literal='',
                                                                                                                                    comments=[],
                                                                                                                                    whitespace='\n'
                                                                                                                                               '\t')]),
                                                                                                key=Memberkey(type=Typename(name='displayName',
                                                                                                                            unwrapped=None,
                                                                                                                            parameters=None),
                                                                                                              hasCut=True,
                                                                                                              tokens=[Token(type=<Tokens.COLON: ':'>,
                                                                                                                            literal='',
                                                                                                                            comments=[],
                                                                                                                            whitespace='')]),
                                                                                                type=Type(types=[Typename(name='tstr',
                                                                                                                          unwrapped=None,
                                                                                                                          parameters=None)])),
                                                                                     GroupEntry(occurrence=None,
                                                                                                key=None,
                                                                                                type=Type(types=[Typename(name='NameComponents',
                                                                                                                          unwrapped=None,
                                                                                                                          parameters=None)])),
                                                                                     GroupEntry(occurrence=Occurrence(n=0,
                                                                                                                      m=inf,
                                                                                                                      tokens=[Token(type=<Tokens.QUEST: '?'>,
                                                                                                                                    literal='',
                                                                                                                                    comments=[],
                                                                                                                                    whitespace='\n'
                                                                                                                                               '\t')]),
                                                                                                key=Memberkey(type=Typename(name='age',
                                                                                                                            unwrapped=None,
                                                                                                                            parameters=None),
                                                                                                              hasCut=True,
                                                                                                              tokens=[Token(type=<Tokens.COLON: ':'>,
                                                                                                                            literal='',
                                                                                                                            comments=[],
                                                                                                                            whitespace='')]),
                                                                                                type=Type(types=[Typename(name='uint',
                                                                                                                          unwrapped=None,
                                                                                                                          parameters=None)])),
                                                                                     GroupEntry(occurrence=Occurrence(n=0,
                                                                                                                      m=inf,
                                                                                                                      tokens=[Token(type=<Tokens.ASTERISK: '*'>,
                                                                                                                                    literal='',
                                                                                                                                    comments=[],
                                                                                                                                    whitespace='\n'
                                                                                                                                               '\t')]),
                                                                                                key=None,
                                                                                                type=Type(types=[Typename(name='$$personaldata-extensions',
                                                                                                                          unwrapped=None,
                                                                                                                          parameters=None)]))])],
                                             isMap=True)]))),
 Rule(name=Typename(name='NameComponents', unwrapped=None, parameters=None),
      assign=Token(type=<Tokens.ASSIGN: '='>,
                   literal='',
                   comments=[],
                   whitespace=' '),
      type=GroupEntry(occurrence=None,
                      key=None,
                      type=Type(types=[Group(groupChoices=[GroupChoice(groupEntries=[GroupEntry(occurrence=Occurrence(n=0,
                                                                                                                      m=inf,
                                                                                                                      tokens=[Token(type=<Tokens.QUEST: '?'>,
                                                                                                                                    literal='',
                                                                                                                                    comments=[],
                                                                                                                                    whitespace=' ')]),
                                                                                                key=Memberkey(type=Typename(name='firstName',
                                                                                                                            unwrapped=None,
                                                                                                                            parameters=None),
                                                                                                              hasCut=True,
                                                                                                              tokens=[Token(type=<Tokens.COLON: ':'>,
                                                                                                                            literal='',
                                                                                                                            comments=[],
                                                                                                                            whitespace='')]),
                                                                                                type=Type(types=[Typename(name='tstr',
                                                                                                                          unwrapped=None,
                                                                                                                          parameters=None)])),
                                                                                     GroupEntry(occurrence=Occurrence(n=0,
                                                                                                                      m=inf,
                                                                                                                      tokens=[Token(type=<Tokens.QUEST: '?'>,
                                                                                                                                    literal='',
                                                                                                                                    comments=[],
                                                                                                                                    whitespace=' ')]),
                                                                                                key=Memberkey(type=Typename(name='familyName',
                                                                                                                            unwrapped=None,
                                                                                                                            parameters=None),
                                                                                                              hasCut=True,
                                                                                                              tokens=[Token(type=<Tokens.COLON: ':'>,
                                                                                                                            literal='',
                                                                                                                            comments=[],
                                                                                                                            whitespace='')]),
                                                                                                type=Type(types=[Typename(name='tstr',
                                                                                                                          unwrapped=None,
                                                                                                                          parameters=None)]))])],
                                             isMap=False)]))),
 Rule(name=Typename(name='$$personaldata-extensions',
                    unwrapped=None,
                    parameters=None),
      assign=Token(type=<Tokens.GCHOICEALT: '//='>,
                   literal='',
                   comments=[],
                   whitespace=' '),
      type=GroupEntry(occurrence=None,
                      key=None,
                      type=Type(types=[Group(groupChoices=[GroupChoice(groupEntries=[GroupEntry(occurrence=None,
                                                                                                key=Memberkey(type=Typename(name='favorite-salsa',
                                                                                                                            unwrapped=None,
                                                                                                                            parameters=None),
                                                                                                              hasCut=True,
                                                                                                              tokens=[Token(type=<Tokens.COLON: ':'>,
                                                                                                                            literal='',
                                                                                                                            comments=[],
                                                                                                                            whitespace='')]),
                                                                                                type=Type(types=[Typename(name='tstr',
                                                                                                                          unwrapped=None,
                                                                                                                          parameters=None)]))])],
                                             isMap=False)]))),
 Rule(name=Typename(name='$$personaldata-extensions',
                    unwrapped=None,
                    parameters=None),
      assign=Token(type=<Tokens.GCHOICEALT: '//='>,
                   literal='',
                   comments=[],
                   whitespace=' '),
      type=GroupEntry(occurrence=None,
                      key=None,
                      type=Type(types=[Group(groupChoices=[GroupChoice(groupEntries=[GroupEntry(occurrence=None,
                                                                                                key=Memberkey(type=Typename(name='shoesize',
                                                                                                                            unwrapped=None,
                                                                                                                            parameters=None),
                                                                                                              hasCut=True,
                                                                                                              tokens=[Token(type=<Tokens.COLON: ':'>,
                                                                                                                            literal='',
                                                                                                                            comments=[],
                                                                                                                            whitespace='')]),
                                                                                                type=Type(types=[Typename(name='uint',
                                                                                                                          unwrapped=None,
                                                                                                                          parameters=None)]))])],
                                             isMap=False)])))]