[Rule(name=Typename(name='a', unwrapped=None, parameters=None),
      assign=Token(type=<Tokens.ASSIGN: '='>,
                   literal='',
                   comments=[],
                   whitespace=' '),
      type=Type(types=[Group(groupChoices=[GroupChoice(groupEntries=[GroupEntry(occurrence=None,
                                                                                key=None,
                                                                                type=Type(types=[Typename(name='b',
                                                                                                          unwrapped=None,
                                                                                                          parameters=None)]))])])])),
 Rule(name=Typename(name='b', unwrapped=None, parameters=None),
      assign=Token(type=<Tokens.ASSIGN: '='>,
                   literal='',
                   comments=[],
                   whitespace=' '),
      type=GroupEntry(occurrence=None,
                      key=None,
                      type=Type(types=[Group(groupChoices=[GroupChoice(groupEntries=[GroupEntry(occurrence=None,
                                                                                                key=None,
                                                                                                type=Type(types=[Typename(name='c',
                                                                                                                          unwrapped=None,
                                                                                                                          parameters=None)]))])])]))),
 Rule(name=Typename(name='c', unwrapped=None, parameters=None),
      assign=Token(type=<Tokens.ASSIGN: '='>,
                   literal='',
                   comments=[],
                   whitespace=' '),
      type=Type(types=[Typename(name='d', unwrapped=None, parameters=None)])),
 Rule(name=Typename(name='d', unwrapped=None, parameters=None),
      assign=Token(type=<Tokens.ASSIGN: '='>,
                   literal='',
                   comments=[],
                   whitespace=' '),
      type=Type(types=[Typename(name='tstr', unwrapped=None, parameters=None)])),
 Rule(name=Typename(name='e', unwrapped=None, parameters=None),
      assign=Token(type=<Tokens.ASSIGN: '='>,
                   literal='',
                   comments=[],
                   whitespace=' '),
      type=GroupEntry(occurrence=None,
                      key=None,
                      type=Type(types=[Group(groupChoices=[GroupChoice(groupEntries=[GroupEntry(occurrence=None,
                                                                                                key=None,
                                                                                                type=Type(types=[Typename(name='f',
                                                                                                                          unwrapped=None,
                                                                                                                          parameters=None)]))])])]))),
 Rule(name=Typename(name='f', unwrapped=None, parameters=None),
      assign=Token(type=<Tokens.ASSIGN: '='>,
                   literal='',
                   comments=[],
                   whitespace=' '),
      type=GroupEntry(occurrence=None,
                      key=None,
                      type=Type(types=[Group(groupChoices=[GroupChoice(groupEntries=[GroupEntry(occurrence=None,
                                                                                                key=None,
                                                                                                type=Type(types=[Typename(name='g',
                                                                                                                          unwrapped=None,
                                                                                                                          parameters=None)]))])])]))),
 Rule(name=Typename(name='g', unwrapped=None, parameters=None),
      assign=Token(type=<Tokens.ASSIGN: '='>,
                   literal='',
                   comments=[],
                   whitespace=' '),
      type=GroupEntry(occurrence=None,
                      key=None,
                      type=Type(types=[Typename(name='h',
                                                unwrapped=None,
                                                parameters=None)]))),
 Rule(name=Typename(name='h', unwrapped=None, parameters=None),
      assign=Token(type=<Tokens.ASSIGN: '='>,
                   literal='',
                   comments=[],
                   whitespace=' '),
      type=GroupEntry(occurrence=None,
                      key=None,
                      type=Type(types=[Group(groupChoices=[])])))]